
./octez-client --protocol PtParisAeco71sYvYgfnVPb4rRJe6zgzYRDS5U8t5ednSRPUFN5 --mode mockup --no-base-dir-warnings run script michelson_test_scripts/opcodes/map_size.tz on storage 111 and input '{}' --level 1 --trace-stack
storage
  0
emitted operations
  
big_map diff
  
trace
  - location: 9 (just consumed gas: 4.415)
    [ (Pair {} 111) ]
  - location: 9 (just consumed gas: 0.010)
    [ {} ]
  - location: 10 (just consumed gas: 0.010)
    [ 0 ]
  - location: 11 (just consumed gas: 0.010)
    [ {}
      0 ]
  - location: 13 (just consumed gas: 0.010)
    [ (Pair {} 0) ]

