
./octez-client --protocol PtParisAeco71sYvYgfnVPb4rRJe6zgzYRDS5U8t5ednSRPUFN5 --mode mockup --no-base-dir-warnings run script michelson_test_scripts/opcodes/set_id.tz on storage '{}' and input '{}' --level 1 --trace-stack
storage
  {}
emitted operations
  
big_map diff
  
trace
  - location: 9 (just consumed gas: 3.928)
    [ (Pair {} {}) ]
  - location: 9 (just consumed gas: 0.010)
    [ {} ]
  - location: 10 (just consumed gas: 0.010)
    [ {}
      {} ]
  - location: 12 (just consumed gas: 0.010)
    [ (Pair {} {}) ]

