
./octez-codec encode 019-PtParisA.cycle from 2147483647
7fffffff

./octez-codec decode 019-PtParisA.cycle from 7fffffff
2147483647

./octez-codec encode 019-PtParisA.cycle from 0
00000000

./octez-codec decode 019-PtParisA.cycle from 00000000
0
